 main

 Timestamp is 58624d6a (Tue Dec 27 19:15:54 2016)

 Preferred load address is 00010000

 Start         Length     Name                   Class
 0001:00000000 000002e8H .text                   CODE
 0002:00000000 00000030H .idata$5                DATA
 0002:00000030 00000144H .rdata                  DATA
 0003:00000000 00000014H .idata$2                CODE
 0003:00000014 00000014H .idata$3                CODE
 0003:00000028 00000030H .idata$4                CODE
 0003:00000058 000000e6H .idata$6                CODE

  Address         Publics by Value              Rva+Base     Lib:Object

 0001:00000000       _IrpOpenClose@8            00010260 f   main.obj
 0001:00000054       _IrpReadWrite@8            000102b4 f   main.obj
 0001:00000148       _AddDevice@8               000103a8 f   main.obj
 0001:000001d9       _Unload@4                  00010439 f   main.obj
 0001:000001e2       _IrpPnp@8                  00010442 f   main.obj
 0001:00000260       _DriverEntry@8             000104c0 f   main.obj
 0001:000002a6       _IoAttachDeviceToDeviceStack@8 00010506 f   ntoskrnl:ntoskrnl.exe
 0001:000002ac       _IoCallDriver@8            0001050c f   ntoskrnl:ntoskrnl.exe
 0001:000002b2       _IoCreateDevice@28         00010512 f   ntoskrnl:ntoskrnl.exe
 0001:000002b8       _IoCreateSymbolicLink@8    00010518 f   ntoskrnl:ntoskrnl.exe
 0001:000002be       _IoDeleteDevice@4          0001051e f   ntoskrnl:ntoskrnl.exe
 0001:000002c4       _IoDeleteSymbolicLink@4    00010524 f   ntoskrnl:ntoskrnl.exe
 0001:000002ca       _IoDetachDevice@4          0001052a f   ntoskrnl:ntoskrnl.exe
 0001:000002d0       _RtlInitUnicodeString@8    00010530 f   ntoskrnl:ntoskrnl.exe
 0001:000002d6       _memcpy                    00010536 f   ntoskrnl:ntoskrnl.exe
 0001:000002dc       _DbgPrint                  0001053c f   ntoskrnl:ntoskrnl.exe
 0001:000002e2       @IofCompleteRequest@8      00010542 f   ntoskrnl:ntoskrnl.exe
 0002:00000000       __imp__IoAttachDeviceToDeviceStack@8 00010560     ntoskrnl:ntoskrnl.exe
 0002:00000004       __imp__IoCallDriver@8      00010564     ntoskrnl:ntoskrnl.exe
 0002:00000008       __imp__IoCreateDevice@28   00010568     ntoskrnl:ntoskrnl.exe
 0002:0000000c       __imp__IoCreateSymbolicLink@8 0001056c     ntoskrnl:ntoskrnl.exe
 0002:00000010       __imp__IoDeleteDevice@4    00010570     ntoskrnl:ntoskrnl.exe
 0002:00000014       __imp__IoDeleteSymbolicLink@4 00010574     ntoskrnl:ntoskrnl.exe
 0002:00000018       __imp__IoDetachDevice@4    00010578     ntoskrnl:ntoskrnl.exe
 0002:0000001c       __imp__RtlInitUnicodeString@8 0001057c     ntoskrnl:ntoskrnl.exe
 0002:00000020       __imp__memcpy              00010580     ntoskrnl:ntoskrnl.exe
 0002:00000024       __imp__DbgPrint            00010584     ntoskrnl:ntoskrnl.exe
 0002:00000028       __imp_@IofCompleteRequest@8 00010588     ntoskrnl:ntoskrnl.exe
 0002:0000002c       \177ntoskrnl_NULL_THUNK_DATA 0001058c     ntoskrnl:ntoskrnl.exe
 0003:00000000       __IMPORT_DESCRIPTOR_ntoskrnl 000106e0     ntoskrnl:ntoskrnl.exe
 0003:00000014       __NULL_IMPORT_DESCRIPTOR   000106f4     ntoskrnl:ntoskrnl.exe

 entry point at        0001:00000260

 Static symbols

