 main

 Timestamp is 5860d277 (Mon Dec 26 16:19:03 2016)

 Preferred load address is 00010000

 Start         Length     Name                   Class
 0001:00000000 00000334H .text                   CODE
 0002:00000000 00000038H .idata$5                DATA
 0002:00000038 00000172H .rdata                  DATA
 0003:00000000 00000014H .idata$2                CODE
 0003:00000014 00000014H .idata$3                CODE
 0003:00000028 00000038H .idata$4                CODE
 0003:00000060 0000010aH .idata$6                CODE

  Address         Publics by Value              Rva+Base     Lib:Object

 0001:00000000       _StartIo@8                 00010260 f   main.obj
 0001:000000d8       _IrpFile@8                 00010338 f   main.obj
 0001:00000181       _IrpPnP@8                  000103e1 f   main.obj
 0001:000001ff       _AddDevice@8               0001045f f   main.obj
 0001:00000290       _Unload@4                  000104f0 f   main.obj
 0001:00000299       _DriverEntry@8             000104f9 f   main.obj
 0001:000002e6       _IoAttachDeviceToDeviceStack@8 00010546 f   ntoskrnl:ntoskrnl.exe
 0001:000002ec       _IoCallDriver@8            0001054c f   ntoskrnl:ntoskrnl.exe
 0001:000002f2       _IoCreateDevice@28         00010552 f   ntoskrnl:ntoskrnl.exe
 0001:000002f8       _IoCreateSymbolicLink@8    00010558 f   ntoskrnl:ntoskrnl.exe
 0001:000002fe       _IoDeleteDevice@4          0001055e f   ntoskrnl:ntoskrnl.exe
 0001:00000304       _IoDeleteSymbolicLink@4    00010564 f   ntoskrnl:ntoskrnl.exe
 0001:0000030a       _IoDetachDevice@4          0001056a f   ntoskrnl:ntoskrnl.exe
 0001:00000310       _IoStartNextPacket@8       00010570 f   ntoskrnl:ntoskrnl.exe
 0001:00000316       _IoStartPacket@16          00010576 f   ntoskrnl:ntoskrnl.exe
 0001:0000031c       _RtlInitUnicodeString@8    0001057c f   ntoskrnl:ntoskrnl.exe
 0001:00000322       _memcpy                    00010582 f   ntoskrnl:ntoskrnl.exe
 0001:00000328       _DbgPrint                  00010588 f   ntoskrnl:ntoskrnl.exe
 0001:0000032e       @IofCompleteRequest@8      0001058e f   ntoskrnl:ntoskrnl.exe
 0002:00000000       __imp__IoAttachDeviceToDeviceStack@8 000105a0     ntoskrnl:ntoskrnl.exe
 0002:00000004       __imp__IoCallDriver@8      000105a4     ntoskrnl:ntoskrnl.exe
 0002:00000008       __imp__IoCreateDevice@28   000105a8     ntoskrnl:ntoskrnl.exe
 0002:0000000c       __imp__IoCreateSymbolicLink@8 000105ac     ntoskrnl:ntoskrnl.exe
 0002:00000010       __imp__IoDeleteDevice@4    000105b0     ntoskrnl:ntoskrnl.exe
 0002:00000014       __imp__IoDeleteSymbolicLink@4 000105b4     ntoskrnl:ntoskrnl.exe
 0002:00000018       __imp__IoDetachDevice@4    000105b8     ntoskrnl:ntoskrnl.exe
 0002:0000001c       __imp__IoStartNextPacket@8 000105bc     ntoskrnl:ntoskrnl.exe
 0002:00000020       __imp__IoStartPacket@16    000105c0     ntoskrnl:ntoskrnl.exe
 0002:00000024       __imp__RtlInitUnicodeString@8 000105c4     ntoskrnl:ntoskrnl.exe
 0002:00000028       __imp__memcpy              000105c8     ntoskrnl:ntoskrnl.exe
 0002:0000002c       __imp__DbgPrint            000105cc     ntoskrnl:ntoskrnl.exe
 0002:00000030       __imp_@IofCompleteRequest@8 000105d0     ntoskrnl:ntoskrnl.exe
 0002:00000034       \177ntoskrnl_NULL_THUNK_DATA 000105d4     ntoskrnl:ntoskrnl.exe
 0003:00000000       __IMPORT_DESCRIPTOR_ntoskrnl 00010760     ntoskrnl:ntoskrnl.exe
 0003:00000014       __NULL_IMPORT_DESCRIPTOR   00010774     ntoskrnl:ntoskrnl.exe

 entry point at        0001:00000299

 Static symbols

