 main

 Timestamp is 586886d5 (Sun Jan 01 12:34:29 2017)

 Preferred load address is 00010000

 Start         Length     Name                   Class
 0001:00000000 0000038aH .text                   CODE
 0002:00000000 0000002cH .idata$5                DATA
 0002:0000002c 00000090H .rdata                  DATA
 0003:00000000 00000040H .data                   DATA
 0003:00000040 00000008H .kmdfclassbind$a        DATA
 0003:00000048 00000004H .kmdfclassbind$c        DATA
 0003:0000004c 00000004H .kmdfclassbind$d        DATA
 0003:00000050 00000008H .kmdftypeinit$a         DATA
 0003:00000058 00000004H .kmdftypeinit$c         DATA
 0003:00000060 00000858H .bss                    DATA
 0004:00000000 00000034H INIT                    CODE
 0004:00000034 00000028H .idata$2                CODE
 0004:0000005c 00000014H .idata$3                CODE
 0004:00000070 0000002cH .idata$4                CODE
 0004:0000009c 000000c8H .idata$6                CODE

  Address         Publics by Value              Rva+Base     Lib:Object

 0001:00000000       _WdfDeviceCreate@12        000102a0 f   main.obj
 0001:00000022       _WdfDeviceCreateSymbolicLink@8 000102c2 f   main.obj
 0001:00000041       _WdfDeviceCreateDeviceInterface@12 000102e1 f   main.obj
 0001:00000063       _WdfDeviceInitAssignName@8 00010303 f   main.obj
 0001:00000082       _WDF_DRIVER_CONFIG_INIT@8  00010322 f   main.obj
 0001:000000a3       _WdfDriverCreate@20        00010343 f   main.obj
 0001:000000cb       _AddDevice@8               0001036b f   main.obj
 0001:0000011c       _DriverEntry@8             000103bc f   main.obj
 0001:00000154       _RtlInitUnicodeString@8    000103f4 f   ntoskrnl:ntoskrnl.exe
 0001:0000015a       _RtlZeroMemory@8           000103fa f   ntoskrnl:ntoskrnl.exe
 0001:00000160       _DbgPrint                  00010400 f   ntoskrnl:ntoskrnl.exe
 0001:00000166       ?FxStubDriverUnloadCommon@@YGXXZ 00010406 f   wdfdriverentry:stub.obj
 0001:00000187       _FxStubDriverUnload@4      00010427 f   wdfdriverentry:stub.obj
 0001:000001aa       _FxStubDriverMiniportUnload@8 0001044a f   wdfdriverentry:stub.obj
 0001:000001b2       _FxDriverEntryWorker@8     00010452 f   wdfdriverentry:stub.obj
 0001:00000283       _FxDriverEntry@8           00010523 f   wdfdriverentry:stub.obj
 0001:00000293       ?FxStubBindClasses@@YGJPAU_WDF_BIND_INFO@@@Z 00010533 f   wdfdriverentry:classbind.obj
 0001:000002ee       ?FxStubUnbindClasses@@YGXPAU_WDF_BIND_INFO@@@Z 0001058e f   wdfdriverentry:classbind.obj
 0001:0000033a       ?FxStubInitTypes@@YGXXZ    000105da f   wdfdriverentry:inittypes.obj
 0001:00000372       _WdfVersionUnbind@12       00010612 f   wdfldr:WDFLDR.SYS
 0001:00000378       _WdfVersionBind@16         00010618 f   wdfldr:WDFLDR.SYS
 0001:0000037e       _WdfVersionBindClass@12    0001061e f   wdfldr:WDFLDR.SYS
 0001:00000384       _WdfVersionUnbindClass@12  00010624 f   wdfldr:WDFLDR.SYS
 0002:00000000       __imp__WdfVersionBindClass@12 00010640     wdfldr:WDFLDR.SYS
 0002:00000004       __imp__WdfVersionBind@16   00010644     wdfldr:WDFLDR.SYS
 0002:00000008       __imp__WdfVersionUnbind@12 00010648     wdfldr:WDFLDR.SYS
 0002:0000000c       __imp__WdfVersionUnbindClass@12 0001064c     wdfldr:WDFLDR.SYS
 0002:00000010       \177WDFLDR_NULL_THUNK_DATA 00010650     wdfldr:WDFLDR.SYS
 0002:00000014       __imp__DbgPrint            00010654     ntoskrnl:ntoskrnl.exe
 0002:00000018       __imp__RtlZeroMemory@8     00010658     ntoskrnl:ntoskrnl.exe
 0002:0000001c       __imp__KeTickCount         0001065c     ntoskrnl:ntoskrnl.exe
 0002:0000001c       _KeTickCount               0001065c     ntoskrnl:ntoskrnl.exe
 0002:00000020       __imp__RtlCopyUnicodeString@8 00010660     ntoskrnl:ntoskrnl.exe
 0002:00000024       __imp__RtlInitUnicodeString@8 00010664     ntoskrnl:ntoskrnl.exe
 0002:00000028       \177ntoskrnl_NULL_THUNK_DATA 00010668     ntoskrnl:ntoskrnl.exe
 0002:000000a4       ??_C@_1BI@BJCKEEDJ@?$AAK?$AAm?$AAd?$AAf?$AAL?$AAi?$AAb?$AAr?$AAa?$AAr?$AAy?$AA?$AA@ 000106e4     wdfdriverentry:stub.obj
 0003:00000038       ___security_cookie         00010738     BufferOverflowK:gs_support.obj
 0003:0000003c       ___security_cookie_complement 0001073c     BufferOverflowK:gs_support.obj
 0003:00000040       ?__KMDF_CLASS_BIND_START@@3U_MARKER_TYPE@@A 00010740     wdfdriverentry:classbind.obj
 0003:00000048       ?__KMDF_CLASS_BIND_END@@3PAXA 00010748     wdfdriverentry:classbind.obj
 0003:00000050       ?__KMDF_TYPE_INIT_START@@3U_MARKER_TYPE@@A 00010750     wdfdriverentry:inittypes.obj
 0003:00000058       ?__KMDF_TYPE_INIT_END@@3PAXA 00010758     wdfdriverentry:inittypes.obj
 0003:00000060       _WdfFunctions              00010760     wdfdriverentry:stub.obj
 0003:00000690       _typeWDF_IFR_HEADER        00010d90     wdfdriverentry:stub.obj
 0003:000006a4       _WdfDriverGlobals          00010da4     wdfdriverentry:stub.obj
 0004:00000000       ___security_init_cookie    00010fc0 f   BufferOverflowK:gs_support.obj
 0004:00000034       __IMPORT_DESCRIPTOR_ntoskrnl 00010ff4     ntoskrnl:ntoskrnl.exe
 0004:00000048       __IMPORT_DESCRIPTOR_WDFLDR 00011008     wdfldr:WDFLDR.SYS
 0004:0000005c       __NULL_IMPORT_DESCRIPTOR   0001101c     ntoskrnl:ntoskrnl.exe

 entry point at        0001:0000011c

 Static symbols

