 main

 Timestamp is 5863a875 (Wed Dec 28 19:56:37 2016)

 Preferred load address is 00010000

 Start         Length     Name                   Class
 0001:00000000 0000031cH .text                   CODE
 0002:00000000 0000003cH .idata$5                DATA
 0002:0000003c 0000015aH .rdata                  DATA
 0003:00000000 00000014H .idata$2                CODE
 0003:00000014 00000014H .idata$3                CODE
 0003:00000028 0000003cH .idata$4                CODE
 0003:00000064 0000011aH .idata$6                CODE

  Address         Publics by Value              Rva+Base     Lib:Object

 0001:00000000       _IrpOpenClose@8            00010260 f   main.obj
 0001:00000054       _IrpIOCTL@8                000102b4 f   main.obj
 0001:00000171       _IrpPnP@8                  000103d1 f   main.obj
 0001:000001ef       _AddDevice@8               0001044f f   main.obj
 0001:00000280       _Unload@4                  000104e0 f   main.obj
 0001:00000289       _DriverEntry@8             000104e9 f   main.obj
 0001:000002c8       _IoAttachDeviceToDeviceStack@8 00010528 f   ntoskrnl:ntoskrnl.exe
 0001:000002ce       _IoCallDriver@8            0001052e f   ntoskrnl:ntoskrnl.exe
 0001:000002d4       _IoCreateDevice@28         00010534 f   ntoskrnl:ntoskrnl.exe
 0001:000002da       _IoCreateSymbolicLink@8    0001053a f   ntoskrnl:ntoskrnl.exe
 0001:000002e0       _IoDeleteDevice@4          00010540 f   ntoskrnl:ntoskrnl.exe
 0001:000002e6       _IoDeleteSymbolicLink@4    00010546 f   ntoskrnl:ntoskrnl.exe
 0001:000002ec       _IoDetachDevice@4          0001054c f   ntoskrnl:ntoskrnl.exe
 0001:000002f2       _MmMapLockedPages@8        00010552 f   ntoskrnl:ntoskrnl.exe
 0001:000002f8       _ProbeForRead@12           00010558 f   ntoskrnl:ntoskrnl.exe
 0001:000002fe       _ProbeForWrite@12          0001055e f   ntoskrnl:ntoskrnl.exe
 0001:00000304       _RtlInitUnicodeString@8    00010564 f   ntoskrnl:ntoskrnl.exe
 0001:0000030a       _memcpy                    0001056a f   ntoskrnl:ntoskrnl.exe
 0001:00000310       _DbgPrint                  00010570 f   ntoskrnl:ntoskrnl.exe
 0001:00000316       @IofCompleteRequest@8      00010576 f   ntoskrnl:ntoskrnl.exe
 0002:00000000       __imp__IoAttachDeviceToDeviceStack@8 00010580     ntoskrnl:ntoskrnl.exe
 0002:00000004       __imp__IoCallDriver@8      00010584     ntoskrnl:ntoskrnl.exe
 0002:00000008       __imp__IoCreateDevice@28   00010588     ntoskrnl:ntoskrnl.exe
 0002:0000000c       __imp__IoCreateSymbolicLink@8 0001058c     ntoskrnl:ntoskrnl.exe
 0002:00000010       __imp__IoDeleteDevice@4    00010590     ntoskrnl:ntoskrnl.exe
 0002:00000014       __imp__IoDeleteSymbolicLink@4 00010594     ntoskrnl:ntoskrnl.exe
 0002:00000018       __imp__IoDetachDevice@4    00010598     ntoskrnl:ntoskrnl.exe
 0002:0000001c       __imp__MmMapLockedPages@8  0001059c     ntoskrnl:ntoskrnl.exe
 0002:00000020       __imp__ProbeForRead@12     000105a0     ntoskrnl:ntoskrnl.exe
 0002:00000024       __imp__ProbeForWrite@12    000105a4     ntoskrnl:ntoskrnl.exe
 0002:00000028       __imp__RtlInitUnicodeString@8 000105a8     ntoskrnl:ntoskrnl.exe
 0002:0000002c       __imp__memcpy              000105ac     ntoskrnl:ntoskrnl.exe
 0002:00000030       __imp__DbgPrint            000105b0     ntoskrnl:ntoskrnl.exe
 0002:00000034       __imp_@IofCompleteRequest@8 000105b4     ntoskrnl:ntoskrnl.exe
 0002:00000038       \177ntoskrnl_NULL_THUNK_DATA 000105b8     ntoskrnl:ntoskrnl.exe
 0003:00000000       __IMPORT_DESCRIPTOR_ntoskrnl 00010720     ntoskrnl:ntoskrnl.exe
 0003:00000014       __NULL_IMPORT_DESCRIPTOR   00010734     ntoskrnl:ntoskrnl.exe

 entry point at        0001:00000289

 Static symbols

