 main

 Timestamp is 58639c6e (Wed Dec 28 19:05:18 2016)

 Preferred load address is 00010000

 Start         Length     Name                   Class
 0001:00000000 000002ceH .text                   CODE
 0002:00000000 00000030H .idata$5                DATA
 0002:00000030 00000147H .rdata                  DATA
 0003:00000000 00000014H .idata$2                CODE
 0003:00000014 00000014H .idata$3                CODE
 0003:00000028 00000030H .idata$4                CODE
 0003:00000058 000000e6H .idata$6                CODE

  Address         Publics by Value              Rva+Base     Lib:Object

 0001:00000000       _IrpOpenClose@8            00010260 f   main.obj
 0001:00000054       _IrpIOCTL@8                000102b4 f   main.obj
 0001:00000135       _IrpPnP@8                  00010395 f   main.obj
 0001:000001b3       _AddDevice@8               00010413 f   main.obj
 0001:00000244       _Unload@4                  000104a4 f   main.obj
 0001:0000024d       _DriverEntry@8             000104ad f   main.obj
 0001:0000028c       _IoAttachDeviceToDeviceStack@8 000104ec f   ntoskrnl:ntoskrnl.exe
 0001:00000292       _IoCallDriver@8            000104f2 f   ntoskrnl:ntoskrnl.exe
 0001:00000298       _IoCreateDevice@28         000104f8 f   ntoskrnl:ntoskrnl.exe
 0001:0000029e       _IoCreateSymbolicLink@8    000104fe f   ntoskrnl:ntoskrnl.exe
 0001:000002a4       _IoDeleteDevice@4          00010504 f   ntoskrnl:ntoskrnl.exe
 0001:000002aa       _IoDeleteSymbolicLink@4    0001050a f   ntoskrnl:ntoskrnl.exe
 0001:000002b0       _IoDetachDevice@4          00010510 f   ntoskrnl:ntoskrnl.exe
 0001:000002b6       _RtlInitUnicodeString@8    00010516 f   ntoskrnl:ntoskrnl.exe
 0001:000002bc       _memcpy                    0001051c f   ntoskrnl:ntoskrnl.exe
 0001:000002c2       _DbgPrint                  00010522 f   ntoskrnl:ntoskrnl.exe
 0001:000002c8       @IofCompleteRequest@8      00010528 f   ntoskrnl:ntoskrnl.exe
 0002:00000000       __imp__IoAttachDeviceToDeviceStack@8 00010540     ntoskrnl:ntoskrnl.exe
 0002:00000004       __imp__IoCallDriver@8      00010544     ntoskrnl:ntoskrnl.exe
 0002:00000008       __imp__IoCreateDevice@28   00010548     ntoskrnl:ntoskrnl.exe
 0002:0000000c       __imp__IoCreateSymbolicLink@8 0001054c     ntoskrnl:ntoskrnl.exe
 0002:00000010       __imp__IoDeleteDevice@4    00010550     ntoskrnl:ntoskrnl.exe
 0002:00000014       __imp__IoDeleteSymbolicLink@4 00010554     ntoskrnl:ntoskrnl.exe
 0002:00000018       __imp__IoDetachDevice@4    00010558     ntoskrnl:ntoskrnl.exe
 0002:0000001c       __imp__RtlInitUnicodeString@8 0001055c     ntoskrnl:ntoskrnl.exe
 0002:00000020       __imp__memcpy              00010560     ntoskrnl:ntoskrnl.exe
 0002:00000024       __imp__DbgPrint            00010564     ntoskrnl:ntoskrnl.exe
 0002:00000028       __imp_@IofCompleteRequest@8 00010568     ntoskrnl:ntoskrnl.exe
 0002:0000002c       \177ntoskrnl_NULL_THUNK_DATA 0001056c     ntoskrnl:ntoskrnl.exe
 0003:00000000       __IMPORT_DESCRIPTOR_ntoskrnl 000106c0     ntoskrnl:ntoskrnl.exe
 0003:00000014       __NULL_IMPORT_DESCRIPTOR   000106d4     ntoskrnl:ntoskrnl.exe

 entry point at        0001:0000024d

 Static symbols

